[      97ms] [INFO] %cDownload the React DevTools for a better development experience: https://react.dev/link/react-devtools font-weight:bold @ http://localhost:3005/_next/static/chunks/node_modules_next_dist_1ybzpk2._.js:2477
[     105ms] [LOG] [HMR] connected @ http://localhost:3005/_next/static/chunks/node_modules_next_dist_1ybzpk2._.js:2477
[  199312ms] [LOG] [Fast Refresh] rebuilding @ http://localhost:3005/_next/static/chunks/node_modules_next_dist_1ybzpk2._.js:2477
[  199343ms] [LOG] [Fast Refresh] done in 101ms @ http://localhost:3005/_next/static/chunks/node_modules_next_dist_1ybzpk2._.js:2477
[  214436ms] [LOG] [Fast Refresh] rebuilding @ http://localhost:3005/_next/static/chunks/node_modules_next_dist_1ybzpk2._.js:2477
[  214459ms] [LOG] [Fast Refresh] done in 28ms @ http://localhost:3005/_next/static/chunks/node_modules_next_dist_1ybzpk2._.js:2477
[  218028ms] [LOG] [Fast Refresh] rebuilding @ http://localhost:3005/_next/static/chunks/node_modules_next_dist_1ybzpk2._.js:2477
[  218051ms] [LOG] [Fast Refresh] done in 25ms @ http://localhost:3005/_next/static/chunks/node_modules_next_dist_1ybzpk2._.js:2477
[  231856ms] [LOG] [Fast Refresh] rebuilding @ http://localhost:3005/_next/static/chunks/node_modules_next_dist_1ybzpk2._.js:2477
[  231882ms] [LOG] [Fast Refresh] done in 32ms @ http://localhost:3005/_next/static/chunks/node_modules_next_dist_1ybzpk2._.js:2477
[  238085ms] [LOG] [Fast Refresh] rebuilding @ http://localhost:3005/_next/static/chunks/node_modules_next_dist_1ybzpk2._.js:2477
[  238108ms] [LOG] [Fast Refresh] done in 28ms @ http://localhost:3005/_next/static/chunks/node_modules_next_dist_1ybzpk2._.js:2477
[  260451ms] [LOG] [Fast Refresh] rebuilding @ http://localhost:3005/_next/static/chunks/node_modules_next_dist_1ybzpk2._.js:2477
[  260473ms] [LOG] [Fast Refresh] done in 30ms @ http://localhost:3005/_next/static/chunks/node_modules_next_dist_1ybzpk2._.js:2477
[  280535ms] [LOG] [Fast Refresh] rebuilding @ http://localhost:3005/_next/static/chunks/node_modules_next_dist_1ybzpk2._.js:2477
[  280561ms] [LOG] [Fast Refresh] done in 29ms @ http://localhost:3005/_next/static/chunks/node_modules_next_dist_1ybzpk2._.js:2477
[  284155ms] [LOG] [Fast Refresh] rebuilding @ http://localhost:3005/_next/static/chunks/node_modules_next_dist_1ybzpk2._.js:2477
[  284177ms] [LOG] [Fast Refresh] done in 34ms @ http://localhost:3005/_next/static/chunks/node_modules_next_dist_1ybzpk2._.js:2477
[  299537ms] [LOG] [Fast Refresh] rebuilding @ http://localhost:3005/_next/static/chunks/node_modules_next_dist_1ybzpk2._.js:2477
[  299563ms] [LOG] [Fast Refresh] done in 23ms @ http://localhost:3005/_next/static/chunks/node_modules_next_dist_1ybzpk2._.js:2477
[  301092ms] [LOG] [Fast Refresh] rebuilding @ http://localhost:3005/_next/static/chunks/node_modules_next_dist_1ybzpk2._.js:2477
[  301119ms] [LOG] [Fast Refresh] done in 24ms @ http://localhost:3005/_next/static/chunks/node_modules_next_dist_1ybzpk2._.js:2477
[  341664ms] [INFO] %cDownload the React DevTools for a better development experience: https://react.dev/link/react-devtools font-weight:bold @ http://localhost:3005/_next/static/chunks/node_modules_next_dist_1ybzpk2._.js:2477
[  341672ms] [LOG] [HMR] connected @ http://localhost:3005/_next/static/chunks/node_modules_next_dist_1ybzpk2._.js:2477
[  342264ms] [INFO] %cDownload the React DevTools for a better development experience: https://react.dev/link/react-devtools font-weight:bold @ http://localhost:3005/_next/static/chunks/node_modules_next_dist_1ybzpk2._.js:2477
[  342270ms] [LOG] [HMR] connected @ http://localhost:3005/_next/static/chunks/node_modules_next_dist_1ybzpk2._.js:2477
[  377432ms] [INFO] %cDownload the React DevTools for a better development experience: https://react.dev/link/react-devtools font-weight:bold @ http://localhost:3005/_next/static/chunks/node_modules_next_dist_1ybzpk2._.js:2477
[  377439ms] [LOG] [HMR] connected @ http://localhost:3005/_next/static/chunks/node_modules_next_dist_1ybzpk2._.js:2477
[  377930ms] [INFO] %cDownload the React DevTools for a better development experience: https://react.dev/link/react-devtools font-weight:bold @ http://localhost:3005/_next/static/chunks/node_modules_next_dist_1ybzpk2._.js:2477
[  377938ms] [LOG] [HMR] connected @ http://localhost:3005/_next/static/chunks/node_modules_next_dist_1ybzpk2._.js:2477
